(0 . row fetched)
((a . 1) (b . Hello) (c . 2.3) (d . 2018-02-01) (e . 2018-02-01 09:08:17) (f . 09:08:17) (g . #u8(98 108 111 98 32 100 97 116 97)) (h . #t) (i . 11) (j . 5.6) (k . clob text))
(0 . row fetched)
((a) (b) (c) (d) (e) (f) (g) (h) (i) (j) (k))
